go: downloading github.com/goreleaser/goreleaser/v2 v2.18.2
go: downloading github.com/goreleaser/goreleaser v1.26.2
go: github.com/goreleaser/goreleaser/v2@v2.18.2 requires go >= 1.27.1; switching to go1.27.1
go: downloading go1.27.1 (windows/amd64)
go: downloading github.com/caarlos0/log v0.6.2
go: downloading github.com/goreleaser/go-shellwords v1.0.13
go: downloading github.com/invopop/jsonschema v0.14.0
go: downloading charm.land/lipgloss/v2 v2.0.6
go: downloading github.com/caarlos0/go-version v0.2.2
go: downloading github.com/charmbracelet/fang v1.0.0
go: downloading github.com/muesli/roff v0.1.0
go: downloading github.com/muesli/mango-cobra v1.3.0
go: downloading github.com/hashicorp/go-multierror v1.1.1
go: downloading github.com/BurntSushi/toml v1.6.0
go: downloading github.com/goreleaser/nfpm/v2 v2.47.0
go: downloading golang.org/x/crypto v0.57.0
go: downloading lukechampine.com/blake3 v1.4.1
go: downloading code.gitea.io/sdk/gitea v0.25.1
go: downloading github.com/Masterminds/semver/v3 v3.5.0
go: downloading gitlab.com/gitlab-org/api/client-go v1.46.0
go: downloading github.com/google/go-github/v92 v92.0.0
go: downloading golang.org/x/oauth2 v0.37.0
go: downloading golang.org/x/text v0.42.0
go: downloading github.com/gobwas/glob v0.2.3
go: downloading github.com/agnivade/levenshtein v1.2.1
go: downloading github.com/mitchellh/go-homedir v1.1.0
go: downloading golang.org/x/mod v0.41.0
go: downloading github.com/awslabs/amazon-ecr-credential-helper/ecr-login v0.12.0
go: downloading github.com/chrismellard/docker-credential-acr-env v0.0.0-20230304212654-82a0ddb27589
go: downloading github.com/google/go-containerregistry v0.22.1
go: downloading github.com/google/ko v0.19.1
go: downloading golang.org/x/tools v0.50.0
go: downloading dario.cat/mergo v1.0.2
go: downloading github.com/goreleaser/quill v0.0.0-20260630015114-8310f3e9a321
go: downloading github.com/docker/go-units v0.5.0
go: downloading github.com/spf13/pflag v1.0.10
go: downloading github.com/avast/retry-go/v4 v4.7.0
go: downloading github.com/muesli/mango v0.2.0
go: downloading github.com/muesli/mango-pflag v0.1.0
go: downloading github.com/hashicorp/errwrap v1.1.0
go: downloading github.com/charmbracelet/colorprofile v0.4.3
go: downloading github.com/aws/aws-sdk-go-v2/feature/s3/transfermanager v0.4.6
go: downloading gocloud.dev v0.46.0
go: downloading github.com/bluesky-social/indigo v0.0.0-20240813042137-4006c0eca043
go: downloading github.com/aws/aws-sdk-go-v2 v1.47.0
go: downloading github.com/caarlos0/env/v11 v11.4.1
go: downloading github.com/mattn/go-mastodon v0.0.13
go: downloading github.com/modelcontextprotocol/registry v1.8.1
go: downloading github.com/caarlos0/go-reddit/v3 v3.0.1
go: downloading github.com/slack-go/slack v0.29.0
go: downloading gopkg.in/mail.v2 v2.3.1
go: downloading github.com/atc0005/go-teams-notify/v2 v2.14.0
go: downloading github.com/dghubble/go-twitter v0.0.0-20211115160449-93a8679adecb
go: downloading golang.org/x/sync v0.23.0
go: downloading github.com/goreleaser/fileglob v1.4.1
go: downloading github.com/dghubble/oauth1 v0.7.3
go: downloading github.com/klauspost/compress v1.20.0
go: downloading github.com/charmbracelet/x/exp/charmtone v0.0.0-20250603201427-c31516f43444
go: downloading github.com/charmbracelet/x/ansi v0.11.8
go: downloading github.com/charmbracelet/x/term v0.2.2
go: downloading golang.org/x/sys v0.48.0
go: downloading github.com/pb33f/ordered-map/v2 v2.3.1
go: downloading github.com/42wim/httpsig v1.2.4
go: downloading github.com/davidmz/go-pageant v1.0.2
go: downloading github.com/go-fed/httpsig v1.1.0
go: downloading github.com/hashicorp/go-version v1.9.0
go: downloading github.com/sirupsen/logrus v1.9.4
go: downloading github.com/docker/docker-credential-helpers v0.9.5
go: downloading github.com/Azure/go-autorest/autorest/azure/auth v0.5.13
go: downloading github.com/charmbracelet/ultraviolet v0.0.0-20260811164956-006e29f97886
go: downloading github.com/clipperhouse/displaywidth v0.11.0
go: downloading github.com/lucasb-eyer/go-colorful v1.4.1
go: downloading github.com/Azure/go-autorest/autorest v0.11.30
go: downloading github.com/AlekSi/pointer v1.2.0
go: downloading github.com/goreleaser/chglog v0.7.4
go: downloading github.com/google/go-querystring v1.2.0
go: downloading github.com/opencontainers/image-spec v1.1.1
go: downloading github.com/sigstore/cosign/v3 v3.1.1
go: downloading github.com/Azure/go-autorest v14.2.0+incompatible
go: downloading github.com/go-viper/mapstructure/v2 v2.5.0
go: downloading github.com/spf13/viper v1.21.0
go: downloading github.com/klauspost/pgzip v1.2.6
go: downloading github.com/blakesmith/ar v0.0.0-20190502131153-809d4375e1fb
go: downloading github.com/ulikunitz/xz v0.5.16
go: downloading go.digitalxero.dev/go-msix v0.3.1
go: downloading github.com/google/rpmpack v0.7.1
go: downloading github.com/hashicorp/go-cleanhttp v0.5.2
go: downloading github.com/hashicorp/go-retryablehttp v0.7.8
go: downloading golang.org/x/time v0.15.0
go: downloading github.com/docker/cli v29.7.2+incompatible
go: downloading github.com/opencontainers/go-digest v1.0.0
go: downloading github.com/moby/docker-image-spec v1.3.1
go: downloading github.com/moby/moby/api v1.55.0
go: downloading github.com/moby/moby/client v0.5.1
go: downloading github.com/klauspost/cpuid/v2 v2.3.0
go: downloading github.com/anchore/go-macholibre v0.0.0-20250826193721-3cd206ca93aa
go: downloading github.com/blacktop/go-macho v1.1.263
go: downloading github.com/aws/aws-sdk-go-v2/config v1.33.4
go: downloading github.com/aws/aws-sdk-go-v2/credentials v1.20.4
go: downloading github.com/aws/aws-sdk-go-v2/feature/s3/manager v1.21.1
go: downloading github.com/aws/aws-sdk-go-v2/service/s3 v1.113.1
go: downloading github.com/gabriel-vasile/mimetype v1.4.13
go: downloading software.sslmate.com/src/go-pkcs12 v0.7.3
go: downloading github.com/golang-jwt/jwt/v4 v4.5.2
go: downloading github.com/wagoodman/go-progress v0.0.0-20230925121702-07e42b3cdba0
go: downloading github.com/aws/smithy-go v1.28.1
go: downloading github.com/gorilla/websocket v1.5.3
go: downloading github.com/tomnomnom/linkheader v0.0.0-20250811210735-e5fe3b51442e
go: downloading github.com/ipfs/go-cid v0.4.1
go: downloading github.com/whyrusleeping/cbor-gen v0.1.3-0.20240731173018-74d74643234c
go: downloading golang.org/x/xerrors v0.0.0-20240903120638-7835f813f4da
go: downloading github.com/ipfs/go-block-format v0.2.0
go: downloading github.com/ipfs/go-ipfs-blockstore v1.3.1
go: downloading github.com/ipfs/go-ipld-cbor v0.1.0
go: downloading github.com/ipfs/go-ipld-format v0.6.0
go: downloading github.com/multiformats/go-multihash v0.2.3
go: downloading go.opentelemetry.io/contrib/instrumentation/net/http/otelhttp v0.68.0
go: downloading github.com/carlmjohnson/versioninfo v0.22.5
go: downloading go.opentelemetry.io/otel/metric v1.44.0
go: downloading cloud.google.com/go/compute/metadata v0.9.0
go: downloading cloud.google.com/go/iam v1.11.0
go: downloading cloud.google.com/go/storage v1.62.2
go: downloading cloud.google.com/go v0.123.0
go: downloading go.opentelemetry.io/otel v1.44.0
go: downloading github.com/google/wire v0.7.0
go: downloading github.com/googleapis/gax-go/v2 v2.23.0
go: downloading google.golang.org/api v0.287.1
go: downloading github.com/aws/aws-sdk-go-v2/service/kms v1.52.0
go: downloading github.com/Azure/azure-sdk-for-go/sdk/azcore v1.22.0
go: downloading github.com/Azure/azure-sdk-for-go/sdk/azidentity v1.14.0
go: downloading github.com/Azure/azure-sdk-for-go v68.0.0+incompatible
go: downloading github.com/Azure/azure-sdk-for-go/sdk/security/keyvault/azkeys v1.5.0
go: downloading cloud.google.com/go/kms v1.33.0
go: downloading google.golang.org/grpc v1.83.2
go: downloading github.com/Azure/azure-sdk-for-go/sdk/storage/azblob v1.6.4
go: downloading github.com/cenkalti/backoff/v4 v4.3.0
go: downloading github.com/dghubble/sling v1.4.0
go: downloading golang.org/x/net v0.59.0
go: downloading github.com/aws/aws-sdk-go-v2/service/ecr v1.56.0
go: downloading github.com/aws/aws-sdk-go-v2/service/ecrpublic v1.38.11
go: downloading github.com/bahlo/generic-list-go v0.2.0
go: downloading github.com/buger/jsonparser v1.1.2
go: downloading go.yaml.in/yaml/v4 v4.0.0-rc.6
go: downloading github.com/Azure/go-autorest/autorest/adal v0.9.24
go: downloading github.com/clipperhouse/uax29/v2 v2.7.0
go: downloading github.com/mattn/go-runewidth v0.0.24
go: downloading github.com/charmbracelet/x/windows v0.2.2
go: downloading github.com/Azure/go-autorest/autorest/azure/cli v0.4.7
go: downloading github.com/Azure/go-autorest/logger v0.2.2
go: downloading github.com/dimchansky/utfbom v1.1.1
go: downloading github.com/ProtonMail/go-crypto v1.4.1
go: downloading github.com/fsnotify/fsnotify v1.10.1
go: downloading github.com/sagikazarmark/locafero v0.12.0
go: downloading github.com/spf13/afero v1.15.0
go: downloading github.com/spf13/cast v1.10.0
go: downloading github.com/Masterminds/sprig/v3 v3.3.0
go: downloading github.com/go-git/go-git/v5 v5.19.2
go: downloading gitlab.com/digitalxero/go-conventional-commit v1.0.7
go: downloading sigs.k8s.io/kind v0.32.0
go: downloading go.mozilla.org/pkcs7 v0.9.0
go: downloading github.com/cavaliergopher/cpio v1.0.1
go: downloading github.com/go-restruct/restruct v1.2.0-alpha
go: downloading github.com/github/smimesign v0.2.0
go: downloading github.com/sigstore/sigstore v1.10.8
go: downloading github.com/sigstore/sigstore-go v1.2.1
go: downloading github.com/Microsoft/go-winio v0.6.2
go: downloading github.com/containerd/errdefs v1.0.0
go: downloading github.com/containerd/errdefs/pkg v0.3.0
go: downloading github.com/distribution/reference v0.6.0
go: downloading github.com/docker/go-connections v0.7.0
go: downloading go.opentelemetry.io/otel/trace v1.44.0
go: downloading github.com/aws/aws-sdk-go-v2/feature/ec2/imds v1.20.0
go: downloading github.com/aws/aws-sdk-go-v2/service/signin v1.10.0
go: downloading github.com/aws/aws-sdk-go-v2/service/sso v1.38.0
go: downloading github.com/aws/aws-sdk-go-v2/service/ssooidc v1.43.0
go: downloading github.com/aws/aws-sdk-go-v2/service/sts v1.50.0
go: downloading github.com/blacktop/go-dwarf v1.0.14
go: downloading github.com/ipfs/go-ipfs-util v0.0.3
go: downloading github.com/multiformats/go-multibase v0.2.0
go: downloading github.com/multiformats/go-varint v0.0.7
go: downloading github.com/hashicorp/golang-lru v1.0.2
go: downloading github.com/ipfs/bbloom v0.0.4
go: downloading github.com/ipfs/go-datastore v0.6.0
go: downloading github.com/ipfs/go-ipfs-ds-help v1.1.1
go: downloading github.com/ipfs/go-log v1.0.5
go: downloading github.com/ipfs/go-metrics-interface v0.0.1
go: downloading go.uber.org/atomic v1.11.0
go: downloading go.opentelemetry.io/otel/sdk/metric v1.44.0
go: downloading github.com/polydawn/refmt v0.89.1-0.20221221234430-40501e09de1f
go: downloading go.opentelemetry.io/otel/sdk v1.44.0
go: downloading github.com/felixge/httpsnoop v1.0.4
go: downloading github.com/mr-tron/base58 v1.2.0
go: downloading google.golang.org/protobuf v1.36.12-0.20260120151049-f2248ac996af
go: downloading github.com/aws/aws-sdk-go-v2/aws/protocol/eventstream v1.7.20
go: downloading github.com/aws/aws-sdk-go-v2/internal/configsources v1.5.3
go: downloading github.com/aws/aws-sdk-go-v2/internal/v4a v1.5.3
go: downloading github.com/aws/aws-sdk-go-v2/service/internal/accept-encoding v1.13.19
go: downloading github.com/aws/aws-sdk-go-v2/service/internal/checksum v1.11.3
go: downloading github.com/aws/aws-sdk-go-v2/service/internal/presigned-url v1.14.3
go: downloading github.com/aws/aws-sdk-go-v2/service/internal/s3shared v1.20.3
go: downloading google.golang.org/genproto/googleapis/api v0.0.0-20260630182238-925bb5da69e7
go: downloading google.golang.org/genproto v0.0.0-20260406210006-6f92a3bedf2d
go: downloading cloud.google.com/go/auth v0.20.0
go: downloading github.com/GoogleCloudPlatform/opentelemetry-operations-go/exporter/metric v0.55.0
go: downloading go.opentelemetry.io/contrib/detectors/gcp v1.44.0
go: downloading cloud.google.com/go/longrunning v1.2.0
go: downloading google.golang.org/genproto/googleapis/rpc v0.0.0-20260630182238-925bb5da69e7
